#-----------------------------------------------------------
# Vivado v2023.2 (64-bit)
# SW Build 4029153 on Fri Oct 13 20:14:34 MDT 2023
# IP Build 4028589 on Sat Oct 14 00:45:43 MDT 2023
# SharedData Build 4025554 on Tue Oct 10 17:18:54 MDT 2023
# Start of session at: Sun Jun  2 11:50:03 2024
# Process ID: 24212
# Current directory: C:/Users/coe_user/Documents/ECE574_Local/homework/hw5
# Command line: vivado.exe -gui_launcher_event rodinguilauncherevent12576 C:\Users\coe_user\Documents\ECE574_Local\homework\hw5\assignment5.xpr
# Log file: C:/Users/coe_user/Documents/ECE574_Local/homework/hw5/vivado.log
# Journal file: C:/Users/coe_user/Documents/ECE574_Local/homework/hw5\vivado.jou
# Running On: coe-loan-008, OS: Windows, CPU Frequency: 2304 MHz, CPU Physical cores: 4, Host memory: 34040 MB
#-----------------------------------------------------------
start_gui
open_project C:/Users/coe_user/Documents/ECE574_Local/homework/hw5/assignment5.xpr
update_compile_order -fileset sources_1
launch_simulation
source tb_multiplier_32_dsp.tcl
# Disabling source management mode.  This is to allow the top design properties to be set without GUI intervention.
set_property source_mgmt_mode None [current_project]
set_property top multiplier_32_seq [current_fileset]
# Re-enabling previously disabled source management mode.
set_property source_mgmt_mode All [current_project]
update_compile_order -fileset sources_1
# Disabling source management mode.  This is to allow the top design properties to be set without GUI intervention.
set_property source_mgmt_mode None [current_project]
set_property top tb_multiplier_32 [get_filesets sim_1]
set_property top_lib xil_defaultlib [get_filesets sim_1]
# Re-enabling previously disabled source management mode.
set_property source_mgmt_mode All [current_project]
update_compile_order -fileset sim_1
launch_simulation
close_sim
