Copyright 1986-2022 Xilinx, Inc. All Rights Reserved. Copyright 2022-2023 Advanced Micro Devices, Inc. All Rights Reserved.
------------------------------------------------------------------------------------------------------------------------------------------------------------------------------------
| Tool Version : Vivado v.2023.2 (win64) Build 4029153 Fri Oct 13 20:14:34 MDT 2023
| Date         : Wed Jun  5 12:35:41 2024
| Host         : coe-loan-008 running 64-bit major release  (build 9200)
| Command      : report_bus_skew -warn_on_violation -file multiplier_32_dsp_bus_skew_routed.rpt -pb multiplier_32_dsp_bus_skew_routed.pb -rpx multiplier_32_dsp_bus_skew_routed.rpx
| Design       : multiplier_32_dsp
| Device       : 7a100t-csg324
| Speed File   : -1  PRODUCTION 1.23 2018-06-13
| Design State : Routed
------------------------------------------------------------------------------------------------------------------------------------------------------------------------------------

Bus Skew Report

No bus skew constraints

