#-----------------------------------------------------------
# Vivado v2023.2 (64-bit)
# SW Build 4029153 on Fri Oct 13 20:14:34 MDT 2023
# IP Build 4028589 on Sat Oct 14 00:45:43 MDT 2023
# SharedData Build 4025554 on Tue Oct 10 17:18:54 MDT 2023
# Start of session at: Mon May  6 23:53:58 2024
# Process ID: 12312
# Current directory: C:/Users/coe_user/Documents/ECE574_Local/homework/hw4
# Command line: vivado.exe -gui_launcher_event rodinguilauncherevent14112 C:\Users\coe_user\Documents\ECE574_Local\homework\hw4\assignment4.xpr
# Log file: C:/Users/coe_user/Documents/ECE574_Local/homework/hw4/vivado.log
# Journal file: C:/Users/coe_user/Documents/ECE574_Local/homework/hw4\vivado.jou
# Running On: coe-loan-008, OS: Windows, CPU Frequency: 2304 MHz, CPU Physical cores: 4, Host memory: 34040 MB
#-----------------------------------------------------------
start_gui
open_project C:/Users/coe_user/Documents/ECE574_Local/homework/hw4/assignment4.xpr
update_compile_order -fileset sources_1
archive_project C:/Users/coe_user/Documents/ECE574_Local/assignment4.xpr.zip -temp_dir C:/Users/coe_user/Documents/ECE574_Local/homework/hw4/.Xil/Vivado-12312-coe-loan-008 -force -exclude_run_results -include_config_settings
launch_simulation
source tb_AES.tcl
