#-----------------------------------------------------------
# Vivado v2023.2 (64-bit)
# SW Build 4029153 on Fri Oct 13 20:14:34 MDT 2023
# IP Build 4028589 on Sat Oct 14 00:45:43 MDT 2023
# SharedData Build 4025554 on Tue Oct 10 17:18:54 MDT 2023
# Start of session at: Fri Jun  7 10:56:59 2024
# Process ID: 17756
# Current directory: C:/Users/coe_user/Documents/ECE574_Local/homework/final/FinalProject.runs/blk_mem_data_synth_1
# Command line: vivado.exe -log blk_mem_data.vds -product Vivado -mode batch -messageDb vivado.pb -notrace -source blk_mem_data.tcl
# Log file: C:/Users/coe_user/Documents/ECE574_Local/homework/final/FinalProject.runs/blk_mem_data_synth_1/blk_mem_data.vds
# Journal file: C:/Users/coe_user/Documents/ECE574_Local/homework/final/FinalProject.runs/blk_mem_data_synth_1\vivado.jou
# Running On: coe-loan-008, OS: Windows, CPU Frequency: 2304 MHz, CPU Physical cores: 4, Host memory: 34040 MB
#-----------------------------------------------------------
source blk_mem_data.tcl -notrace
