#-----------------------------------------------------------
# Vivado v2023.2 (64-bit)
# SW Build 4029153 on Fri Oct 13 20:14:34 MDT 2023
# IP Build 4028589 on Sat Oct 14 00:45:43 MDT 2023
# SharedData Build 4025554 on Tue Oct 10 17:18:54 MDT 2023
# Start of session at: Fri Jun  7 22:05:12 2024
# Process ID: 14744
# Current directory: C:/Users/coe_user/Documents/ECE574_Local/homework/final
# Command line: vivado.exe -gui_launcher_event rodinguilauncherevent22504 C:\Users\coe_user\Documents\ECE574_Local\homework\final\FinalProject.xpr
# Log file: C:/Users/coe_user/Documents/ECE574_Local/homework/final/vivado.log
# Journal file: C:/Users/coe_user/Documents/ECE574_Local/homework/final\vivado.jou
# Running On: coe-loan-008, OS: Windows, CPU Frequency: 2304 MHz, CPU Physical cores: 4, Host memory: 34040 MB
#-----------------------------------------------------------
start_gui
open_project C:/Users/coe_user/Documents/ECE574_Local/homework/final/FinalProject.xpr
launch_simulation
source tb_top_module.tcl
open_wave_config {C:/Users/coe_user/Documents/ECE574_Local/homework/final/tb_top_module_behav.wcfg}
close_sim
launch_simulation
source tb_top_module.tcl
export_ip_user_files -of_objects  [get_files C:/Users/coe_user/Documents/ECE574_Local/homework/final/tb_decoder_module_behav.wcfg] -no_script -reset -force -quiet
export_ip_user_files -of_objects  [get_files C:/Users/coe_user/Documents/ECE574_Local/homework/final/tb_ex_module_behav.wcfg] -no_script -reset -force -quiet
export_ip_user_files -of_objects  [get_files C:/Users/coe_user/Documents/ECE574_Local/homework/final/tb_if_module_behav.wcfg] -no_script -reset -force -quiet
remove_files  -fileset sim_1 {C:/Users/coe_user/Documents/ECE574_Local/homework/final/tb_decoder_module_behav.wcfg C:/Users/coe_user/Documents/ECE574_Local/homework/final/tb_ex_module_behav.wcfg C:/Users/coe_user/Documents/ECE574_Local/homework/final/tb_if_module_behav.wcfg}
remove_files  -fileset sim_1 {C:/Users/coe_user/Documents/ECE574_Local/homework/final/tb_decoder_module_behav.wcfg C:/Users/coe_user/Documents/ECE574_Local/homework/final/tb_ex_module_behav.wcfg C:/Users/coe_user/Documents/ECE574_Local/homework/final/tb_if_module_behav.wcfg}
set_property SOURCE_SET sources_1 [get_filesets sim_1]
add_files -fileset sim_1 -norecurse C:/Users/coe_user/Documents/ECE574_Local/homework/final/tb_top_module_behav.wcfg
close_sim
launch_simulation
open_wave_config C:/Users/coe_user/Documents/ECE574_Local/homework/final/tb_top_module_behav.wcfg
source tb_top_module.tcl
save_wave_config {C:/Users/coe_user/Documents/ECE574_Local/homework/final/tb_top_module_behav.wcfg}
archive_project C:/Users/coe_user/Documents/ECE574_Local/homework/FinalProject.xpr.zip -temp_dir C:/Users/coe_user/Documents/ECE574_Local/homework/final/.Xil/Vivado-14744-coe-loan-008 -force -exclude_run_results -include_config_settings
config_ip_cache -clear_output_repo
config_ip_cache -clear_output_repo
config_ip_cache -clear_output_repo
config_ip_cache -clear_output_repo
config_ip_cache -clear_output_repo
config_ip_cache -clear_output_repo
config_ip_cache -clear_output_repo
config_ip_cache -clear_output_repo
config_ip_cache -clear_output_repo
config_ip_cache -clear_output_repo
config_ip_cache -clear_output_repo
config_ip_cache -clear_output_repo
config_ip_cache -clear_output_repo
config_ip_cache -clear_output_repo
config_ip_cache -clear_output_repo
config_ip_cache -clear_output_repo
config_ip_cache -clear_output_repo
config_ip_cache -clear_output_repo
config_ip_cache -clear_output_repo
archive_project C:/Users/coe_user/Documents/ECE574_Local/homework/FinalProject.xpr.zip -temp_dir C:/Users/coe_user/Documents/ECE574_Local/homework/final/.Xil/Vivado-14744-coe-loan-008 -force -exclude_run_results -include_config_settings
close_sim
launch_simulation
open_wave_config C:/Users/coe_user/Documents/ECE574_Local/homework/final/tb_top_module_behav.wcfg
source tb_top_module.tcl
close_sim
archive_project C:/Users/coe_user/Documents/ECE574_Local/homework/FinalProject.xpr.zip -temp_dir C:/Users/coe_user/Documents/ECE574_Local/homework/final/.Xil/Vivado-14744-coe-loan-008 -force -exclude_run_results
reset_run -force
reset_runs -help
archive_project C:/Users/coe_user/Documents/ECE574_Local/homework/Microprocessor.xpr.zip -temp_dir C:/Users/coe_user/Documents/ECE574_Local/homework/final/.Xil/Vivado-14744-coe-loan-008 -force -exclude_run_results
