#-----------------------------------------------------------
# Vivado v2023.2 (64-bit)
# SW Build 4029153 on Fri Oct 13 20:14:34 MDT 2023
# IP Build 4028589 on Sat Oct 14 00:45:43 MDT 2023
# SharedData Build 4025554 on Tue Oct 10 17:18:54 MDT 2023
# Start of session at: Fri Jun  7 23:26:19 2024
# Process ID: 12824
# Current directory: C:/Users/coe_user/Documents/ECE574_Local/homework/final
# Command line: vivado.exe -gui_launcher_event rodinguilauncherevent19172 C:\Users\coe_user\Documents\ECE574_Local\homework\final\FinalProject.xpr
# Log file: C:/Users/coe_user/Documents/ECE574_Local/homework/final/vivado.log
# Journal file: C:/Users/coe_user/Documents/ECE574_Local/homework/final\vivado.jou
# Running On: coe-loan-008, OS: Windows, CPU Frequency: 2304 MHz, CPU Physical cores: 4, Host memory: 34040 MB
#-----------------------------------------------------------
start_gui
open_project C:/Users/coe_user/Documents/ECE574_Local/homework/final/FinalProject.xpr
launch_simulation
open_wave_config C:/Users/coe_user/Documents/ECE574_Local/homework/final/tb_top_module_behav.wcfg
source tb_alu.tcl
add_files -norecurse C:/Users/coe_user/Documents/ECE574_Local/homework/final/tb_alu_behav.wcfg
close_sim
launch_simulation
open_wave_config C:/Users/coe_user/Documents/ECE574_Local/homework/final/tb_top_module_behav.wcfg
source tb_alu.tcl
save_wave_config {C:/Users/coe_user/Documents/ECE574_Local/homework/final/tb_top_module_behav.wcfg}
close_sim
launch_simulation
open_wave_config C:/Users/coe_user/Documents/ECE574_Local/homework/final/tb_top_module_behav.wcfg
source tb_alu.tcl
close_sim
export_ip_user_files -of_objects  [get_files C:/Users/coe_user/Documents/ECE574_Local/homework/final/tb_alu_behav.wcfg] -no_script -reset -force -quiet
remove_files  C:/Users/coe_user/Documents/ECE574_Local/homework/final/tb_alu_behav.wcfg
# Disabling source management mode.  This is to allow the top design properties to be set without GUI intervention.
set_property source_mgmt_mode None [current_project]
set_property top tb_top_module [get_filesets sim_1]
set_property top_lib xil_defaultlib [get_filesets sim_1]
# Re-enabling previously disabled source management mode.
set_property source_mgmt_mode DisplayOnly [current_project]
launch_simulation
open_wave_config C:/Users/coe_user/Documents/ECE574_Local/homework/final/tb_top_module_behav.wcfg
source tb_top_module.tcl
archive_project C:/Users/coe_user/Documents/ECE574_Local/homework/FinalProject.xpr.zip -temp_dir C:/Users/coe_user/Documents/ECE574_Local/homework/final/.Xil/Vivado-12824-coe-loan-008 -force -exclude_run_results -include_config_settings
archive_project C:/Users/coe_user/Documents/ECE574_Local/homework/Microprocessor.xpr.zip -temp_dir C:/Users/coe_user/Documents/ECE574_Local/homework/final/.Xil/Vivado-12824-coe-loan-008 -force -exclude_run_results -include_config_settings
set_property CONFIG.Coe_File {c:/Users/coe_user/Documents/ECE574_Local/homework/final/FinalProject.srcs/sources_1/ip/blk_mem_data/data_mem_init_0_to_255.coe} [get_ips blk_mem_data]
set_property CONFIG.Coe_File {c:/Users/coe_user/Documents/ECE574_Local/homework/final/FinalProject.srcs/sources_1/ip/blk_mem_program/step3_asm_init_progmem_with_all.coe} [get_ips blk_mem_program]
close_sim
launch_simulation
open_wave_config C:/Users/coe_user/Documents/ECE574_Local/homework/final/tb_top_module_behav.wcfg
source tb_top_module.tcl
archive_project C:/Users/coe_user/Documents/ECE574_Local/homework/Microprocessor.xpr.zip -temp_dir C:/Users/coe_user/Documents/ECE574_Local/homework/final/.Xil/Vivado-12824-coe-loan-008 -force -exclude_run_results -include_config_settings
close_sim
